Folder validation failed: {'parent': [ErrorDetail(string='This field is required.', code='required')]}, data: {'name': 'Hello_word'}
Folder creation failed: Field name `updated_at` is not valid for model `Folder` in `workspaces.serializers.FolderSerializer`., data: {'name': 'Helloworld', 'parent': None}
Version 85 content not found in MongoDB
Version 85 content not found in MongoDB
Version 106 content not found in MongoDB
Version 106 content not found in MongoDB
Version 109 content not found in MongoDB
Version 109 content not found in MongoDB
Document creation failed: list index out of range, data: {'title': 'Hello_world', 'content': {'blocks': []}}
Document creation failed: list index out of range, data: {'title': 'doc', 'content': {'blocks': []}}
Document creation failed: list index out of range, data: {'title': 'hello_world', 'content': {'blocks': []}}
Document update failed: {'content': [ErrorDetail(string='Not a valid string.', code='invalid')]}, data: {'title': 'My Document1', 'content': {'blocks': [{'text': 'Hell '}]}}
Document update failed: {'content': [ErrorDetail(string='Not a valid string.', code='invalid')]}, data: {'title': 'My Document1', 'content': {'blocks': [{'text': 'Hell'}]}}
Document update failed: {'content': [ErrorDetail(string='Not a valid string.', code='invalid')]}, data: {'title': 'My Document1', 'content': {'blocks': [{'text': 'Hello wor'}]}}
Document update failed: {'content': [ErrorDetail(string='Not a valid string.', code='invalid')]}, data: {'title': 'My Document1', 'content': {'blocks': [{'text': 'Hello world\n'}]}}
Document update failed: {'content': [ErrorDetail(string='Not a valid string.', code='invalid')]}, data: {'title': 'My Document1', 'content': {'blocks': [{'text': 'Hello world\nJ'}]}}
Document update failed: {'content': [ErrorDetail(string='Not a valid string.', code='invalid')]}, data: {'title': 'My Document1', 'content': {'blocks': [{'text': 'Hello world\n'}]}}
Document update failed: {'content': [ErrorDetail(string='Not a valid string.', code='invalid')]}, data: {'title': 'My Document1', 'content': {'blocks': [{'text': 'Hello world\nprint("Hello'}]}}
Document update failed: {'content': [ErrorDetail(string='Not a valid string.', code='invalid')]}, data: {'title': 'My Document1', 'content': {'blocks': [{'text': 'Hello world\nprint("Hello world C++'}]}}
Document update failed: {'content': [ErrorDetail(string='Not a valid string.', code='invalid')]}, data: {'title': 'My Document1', 'content': {'blocks': [{'text': 'Hello world\nprint("Hello world C++);\n'}]}}
Document update failed: {'content': [ErrorDetail(string='Not a valid string.', code='invalid')]}, data: {'title': 'My Document1', 'content': {'blocks': [{'text': 'hello\n'}]}}
Document update failed: {'content': [ErrorDetail(string='Not a valid string.', code='invalid')]}, data: {'title': 'My Document1', 'content': {'blocks': [{'text': 'hello\n'}]}}
Version 390 content not found in MongoDB
Version 915 content not found in MongoDB
